2025-12-15 01:13:04,689 - aqt.main - INFO - installer 140364377398144 aqtinstall(aqt) v3.1.21 on Python 3.11.14 [CPython GCC 13.3.0]
2025-12-15 01:13:04,690 - aqt.helper - DEBUG - helper 140364377398144 Attempt to download checksum at https://download.qt.io/online/qtsdkrepository/linux_x64/desktop/qt6_683/qt6_683/Updates.xml.sha256
2025-12-15 01:13:06,317 - aqt.helper - DEBUG - helper 140364377398144 Attempt to download checksum at https://download.qt.io/online/qtsdkrepository/linux_x64/extensions/qtwebengine/683/x86_64/Updates.xml.sha256
2025-12-15 01:13:07,638 - aqt.archives - INFO - archives 140364377398144 Found extension qtwebengine
2025-12-15 01:13:07,638 - aqt.helper - DEBUG - helper 140364377398144 Attempt to download checksum at https://download.qt.io/online/qtsdkrepository/linux_x64/extensions/qtpdf/683/x86_64/Updates.xml.sha256
2025-12-15 01:13:08,949 - aqt.archives - INFO - archives 140364377398144 Found extension qtpdf
2025-12-15 01:13:09,458 - aqt.helper - DEBUG - helper 139635604982656 Attempt to download checksum at https://download.qt.io/online/qtsdkrepository/linux_x64/desktop/qt6_683/qt6_683/qt.qt6.683.linux_gcc_64/6.8.3-0-202503201345qtbase-Linux-RHEL_8_10-GCC-Linux-RHEL_8_10-X86_64.7z.sha256
2025-12-15 01:13:09,458 - aqt.helper - DEBUG - helper 140332341562240 Attempt to download checksum at https://download.qt.io/online/qtsdkrepository/linux_x64/desktop/qt6_683/qt6_683/qt.qt6.683.linux_gcc_64/6.8.3-0-202503201345qtsvg-Linux-RHEL_8_10-GCC-Linux-RHEL_8_10-X86_64.7z.sha256
2025-12-15 01:13:09,468 - aqt.helper - DEBUG - helper 139789732686720 Attempt to download checksum at https://download.qt.io/online/qtsdkrepository/linux_x64/desktop/qt6_683/qt6_683/qt.qt6.683.linux_gcc_64/6.8.3-0-202503201345qtdeclarative-Linux-RHEL_8_10-GCC-Linux-RHEL_8_10-X86_64.7z.sha256
2025-12-15 01:13:09,468 - aqt.helper - DEBUG - helper 139773509991296 Attempt to download checksum at https://download.qt.io/online/qtsdkrepository/linux_x64/desktop/qt6_683/qt6_683/qt.qt6.683.linux_gcc_64/6.8.3-0-202503201345qttools-Linux-RHEL_8_10-GCC-Linux-RHEL_8_10-X86_64.7z.sha256
2025-12-15 01:13:10,048 - aqt.helper - INFO - helper 139773509991296 Downloading qttools...
2025-12-15 01:13:10,048 - aqt.installer - DEBUG - installer 139773509991296 Download URL: https://download.qt.io/online/qtsdkrepository/linux_x64/desktop/qt6_683/qt6_683/qt.qt6.683.linux_gcc_64/6.8.3-0-202503201345qttools-Linux-RHEL_8_10-GCC-Linux-RHEL_8_10-X86_64.7z
2025-12-15 01:13:10,062 - aqt.helper - INFO - helper 140332341562240 Downloading qtsvg...
2025-12-15 01:13:10,062 - aqt.helper - INFO - helper 139789732686720 Downloading qtdeclarative...
2025-12-15 01:13:10,062 - aqt.installer - DEBUG - installer 140332341562240 Download URL: https://download.qt.io/online/qtsdkrepository/linux_x64/desktop/qt6_683/qt6_683/qt.qt6.683.linux_gcc_64/6.8.3-0-202503201345qtsvg-Linux-RHEL_8_10-GCC-Linux-RHEL_8_10-X86_64.7z
2025-12-15 01:13:10,063 - aqt.installer - DEBUG - installer 139789732686720 Download URL: https://download.qt.io/online/qtsdkrepository/linux_x64/desktop/qt6_683/qt6_683/qt.qt6.683.linux_gcc_64/6.8.3-0-202503201345qtdeclarative-Linux-RHEL_8_10-GCC-Linux-RHEL_8_10-X86_64.7z
2025-12-15 01:13:10,120 - aqt.helper - INFO - helper 139635604982656 Downloading qtbase...
2025-12-15 01:13:10,121 - aqt.installer - DEBUG - installer 139635604982656 Download URL: https://download.qt.io/online/qtsdkrepository/linux_x64/desktop/qt6_683/qt6_683/qt.qt6.683.linux_gcc_64/6.8.3-0-202503201345qtbase-Linux-RHEL_8_10-GCC-Linux-RHEL_8_10-X86_64.7z
2025-12-15 01:13:10,623 - aqt.helper - DEBUG - helper 139773509991296 Asked to redirect(302) to: https://qt.mirror.constant.com/online/qtsdkrepository/linux_x64/desktop/qt6_683/qt6_683/qt.qt6.683.linux_gcc_64/6.8.3-0-202503201345qttools-Linux-RHEL_8_10-GCC-Linux-RHEL_8_10-X86_64.7z
2025-12-15 01:13:10,623 - aqt.helper - INFO - helper 139773509991296 Redirected: qt.mirror.constant.com
2025-12-15 01:13:10,629 - aqt.helper - DEBUG - helper 139789732686720 Asked to redirect(302) to: https://qt.mirror.constant.com/online/qtsdkrepository/linux_x64/desktop/qt6_683/qt6_683/qt.qt6.683.linux_gcc_64/6.8.3-0-202503201345qtdeclarative-Linux-RHEL_8_10-GCC-Linux-RHEL_8_10-X86_64.7z
2025-12-15 01:13:10,629 - aqt.helper - INFO - helper 139789732686720 Redirected: qt.mirror.constant.com
2025-12-15 01:13:10,697 - aqt.helper - DEBUG - helper 140332341562240 Asked to redirect(302) to: https://qt.mirror.constant.com/online/qtsdkrepository/linux_x64/desktop/qt6_683/qt6_683/qt.qt6.683.linux_gcc_64/6.8.3-0-202503201345qtsvg-Linux-RHEL_8_10-GCC-Linux-RHEL_8_10-X86_64.7z
2025-12-15 01:13:10,697 - aqt.helper - INFO - helper 140332341562240 Redirected: qt.mirror.constant.com
2025-12-15 01:13:10,698 - aqt.helper - DEBUG - helper 139635604982656 Asked to redirect(302) to: https://qt.mirror.constant.com/online/qtsdkrepository/linux_x64/desktop/qt6_683/qt6_683/qt.qt6.683.linux_gcc_64/6.8.3-0-202503201345qtbase-Linux-RHEL_8_10-GCC-Linux-RHEL_8_10-X86_64.7z
2025-12-15 01:13:10,698 - aqt.helper - INFO - helper 139635604982656 Redirected: qt.mirror.constant.com
2025-12-15 01:13:10,996 - aqt.installer - INFO - installer 140332341562240 Finished installation of qtsvg-Linux-RHEL_8_10-GCC-Linux-RHEL_8_10-X86_64.7z in 1.54073095
2025-12-15 01:13:11,008 - aqt.helper - DEBUG - helper 140332341562240 Attempt to download checksum at https://download.qt.io/online/qtsdkrepository/linux_x64/desktop/qt6_683/qt6_683/qt.qt6.683.linux_gcc_64/6.8.3-0-202503201345qttranslations-Linux-RHEL_8_10-GCC-Linux-RHEL_8_10-X86_64.7z.sha256
2025-12-15 01:13:11,890 - aqt.helper - INFO - helper 140332341562240 Downloading qttranslations...
2025-12-15 01:13:11,890 - aqt.installer - DEBUG - installer 140332341562240 Download URL: https://download.qt.io/online/qtsdkrepository/linux_x64/desktop/qt6_683/qt6_683/qt.qt6.683.linux_gcc_64/6.8.3-0-202503201345qttranslations-Linux-RHEL_8_10-GCC-Linux-RHEL_8_10-X86_64.7z
2025-12-15 01:13:12,777 - aqt.helper - DEBUG - helper 140332341562240 Asked to redirect(302) to: https://qt.mirror.constant.com/online/qtsdkrepository/linux_x64/desktop/qt6_683/qt6_683/qt.qt6.683.linux_gcc_64/6.8.3-0-202503201345qttranslations-Linux-RHEL_8_10-GCC-Linux-RHEL_8_10-X86_64.7z
2025-12-15 01:13:12,777 - aqt.helper - INFO - helper 140332341562240 Redirected: qt.mirror.constant.com
2025-12-15 01:13:13,200 - aqt.installer - INFO - installer 140332341562240 Finished installation of qttranslations-Linux-RHEL_8_10-GCC-Linux-RHEL_8_10-X86_64.7z in 2.19340791
2025-12-15 01:13:13,218 - aqt.helper - DEBUG - helper 140332341562240 Attempt to download checksum at https://download.qt.io/online/qtsdkrepository/linux_x64/desktop/qt6_683/qt6_683/qt.qt6.683.linux_gcc_64/6.8.3-0-202503201345qtwayland-Linux-RHEL_8_10-GCC-Linux-RHEL_8_10-X86_64.7z.sha256
2025-12-15 01:13:14,024 - aqt.helper - INFO - helper 140332341562240 Downloading qtwayland...
2025-12-15 01:13:14,025 - aqt.installer - DEBUG - installer 140332341562240 Download URL: https://download.qt.io/online/qtsdkrepository/linux_x64/desktop/qt6_683/qt6_683/qt.qt6.683.linux_gcc_64/6.8.3-0-202503201345qtwayland-Linux-RHEL_8_10-GCC-Linux-RHEL_8_10-X86_64.7z
2025-12-15 01:13:14,057 - aqt.installer - INFO - installer 139635604982656 Finished installation of qtbase-Linux-RHEL_8_10-GCC-Linux-RHEL_8_10-X86_64.7z in 4.60132980
2025-12-15 01:13:14,072 - aqt.helper - DEBUG - helper 139635604982656 Attempt to download checksum at https://download.qt.io/online/qtsdkrepository/linux_x64/desktop/qt6_683/qt6_683/qt.qt6.683.linux_gcc_64/6.8.3-0-202503201345icu-linux-Rhel8.6-x86_64.7z.sha256
2025-12-15 01:13:14,618 - aqt.helper - INFO - helper 139635604982656 Downloading icu...
2025-12-15 01:13:14,618 - aqt.installer - DEBUG - installer 139635604982656 Download URL: https://download.qt.io/online/qtsdkrepository/linux_x64/desktop/qt6_683/qt6_683/qt.qt6.683.linux_gcc_64/6.8.3-0-202503201345icu-linux-Rhel8.6-x86_64.7z
2025-12-15 01:13:14,653 - aqt.helper - DEBUG - helper 140332341562240 Asked to redirect(302) to: https://qt.mirror.constant.com/online/qtsdkrepository/linux_x64/desktop/qt6_683/qt6_683/qt.qt6.683.linux_gcc_64/6.8.3-0-202503201345qtwayland-Linux-RHEL_8_10-GCC-Linux-RHEL_8_10-X86_64.7z
2025-12-15 01:13:14,653 - aqt.helper - INFO - helper 140332341562240 Redirected: qt.mirror.constant.com
2025-12-15 01:13:14,730 - aqt.installer - INFO - installer 139773509991296 Finished installation of qttools-Linux-RHEL_8_10-GCC-Linux-RHEL_8_10-X86_64.7z in 5.26437312
2025-12-15 01:13:14,916 - aqt.installer - INFO - installer 140332341562240 Finished installation of qtwayland-Linux-RHEL_8_10-GCC-Linux-RHEL_8_10-X86_64.7z in 1.69919771
2025-12-15 01:13:15,173 - aqt.helper - DEBUG - helper 139635604982656 Asked to redirect(302) to: https://qt.mirror.constant.com/online/qtsdkrepository/linux_x64/desktop/qt6_683/qt6_683/qt.qt6.683.linux_gcc_64/6.8.3-0-202503201345icu-linux-Rhel8.6-x86_64.7z
2025-12-15 01:13:15,174 - aqt.helper - INFO - helper 139635604982656 Redirected: qt.mirror.constant.com
2025-12-15 01:13:16,948 - aqt.installer - INFO - installer 139635604982656 Finished installation of icu-linux-Rhel8.6-x86_64.7z in 2.87800107
2025-12-15 01:13:23,512 - aqt.installer - INFO - installer 139789732686720 Finished installation of qtdeclarative-Linux-RHEL_8_10-GCC-Linux-RHEL_8_10-X86_64.7z in 14.04595694
2025-12-15 01:13:23,608 - aqt.updater - INFO - updater 140364377398144 Patching /home/runner/work/FreeCAD/Qt/6.8.3/gcc_64/bin/qmake
2025-12-15 01:13:23,612 - aqt.updater - INFO - updater 140364377398144 Patching /home/runner/work/FreeCAD/Qt/6.8.3/gcc_64/lib/pkgconfig/Qt6Sql.pc
2025-12-15 01:13:23,612 - aqt.updater - INFO - updater 140364377398144 Patching /home/runner/work/FreeCAD/Qt/6.8.3/gcc_64/lib/pkgconfig/Qt6Core.pc
2025-12-15 01:13:23,613 - aqt.updater - INFO - updater 140364377398144 Patching /home/runner/work/FreeCAD/Qt/6.8.3/gcc_64/lib/pkgconfig/Qt6SvgWidgets.pc
2025-12-15 01:13:23,613 - aqt.updater - INFO - updater 140364377398144 Patching /home/runner/work/FreeCAD/Qt/6.8.3/gcc_64/lib/pkgconfig/Qt6DBus.pc
2025-12-15 01:13:23,613 - aqt.updater - INFO - updater 140364377398144 Patching /home/runner/work/FreeCAD/Qt/6.8.3/gcc_64/lib/pkgconfig/Qt6Platform.pc
2025-12-15 01:13:23,614 - aqt.updater - INFO - updater 140364377398144 Patching /home/runner/work/FreeCAD/Qt/6.8.3/gcc_64/lib/pkgconfig/Qt6Qml.pc
2025-12-15 01:13:23,614 - aqt.updater - INFO - updater 140364377398144 Patching /home/runner/work/FreeCAD/Qt/6.8.3/gcc_64/lib/pkgconfig/Qt6UiPlugin.pc
2025-12-15 01:13:23,614 - aqt.updater - INFO - updater 140364377398144 Patching /home/runner/work/FreeCAD/Qt/6.8.3/gcc_64/lib/pkgconfig/Qt6QuickControls2UniversalStyleImpl.pc
2025-12-15 01:13:23,614 - aqt.updater - INFO - updater 140364377398144 Patching /home/runner/work/FreeCAD/Qt/6.8.3/gcc_64/lib/pkgconfig/Qt6QuickControls2BasicStyleImpl.pc
2025-12-15 01:13:23,614 - aqt.updater - INFO - updater 140364377398144 Patching /home/runner/work/FreeCAD/Qt/6.8.3/gcc_64/lib/pkgconfig/Qt6QuickControls2.pc
2025-12-15 01:13:23,615 - aqt.updater - INFO - updater 140364377398144 Patching /home/runner/work/FreeCAD/Qt/6.8.3/gcc_64/lib/pkgconfig/Qt6QuickControls2Fusion.pc
2025-12-15 01:13:23,615 - aqt.updater - INFO - updater 140364377398144 Patching /home/runner/work/FreeCAD/Qt/6.8.3/gcc_64/lib/pkgconfig/Qt6Network.pc
2025-12-15 01:13:23,615 - aqt.updater - INFO - updater 140364377398144 Patching /home/runner/work/FreeCAD/Qt/6.8.3/gcc_64/lib/pkgconfig/Qt6Help.pc
2025-12-15 01:13:23,615 - aqt.updater - INFO - updater 140364377398144 Patching /home/runner/work/FreeCAD/Qt/6.8.3/gcc_64/lib/pkgconfig/Qt6LabsWavefrontMesh.pc
2025-12-15 01:13:23,616 - aqt.updater - INFO - updater 140364377398144 Patching /home/runner/work/FreeCAD/Qt/6.8.3/gcc_64/lib/pkgconfig/Qt6QuickWidgets.pc
2025-12-15 01:13:23,616 - aqt.updater - INFO - updater 140364377398144 Patching /home/runner/work/FreeCAD/Qt/6.8.3/gcc_64/lib/pkgconfig/Qt6QuickDialogs2.pc
2025-12-15 01:13:23,616 - aqt.updater - INFO - updater 140364377398144 Patching /home/runner/work/FreeCAD/Qt/6.8.3/gcc_64/lib/pkgconfig/Qt6QuickControls2Material.pc
2025-12-15 01:13:23,616 - aqt.updater - INFO - updater 140364377398144 Patching /home/runner/work/FreeCAD/Qt/6.8.3/gcc_64/lib/pkgconfig/Qt6Xml.pc
2025-12-15 01:13:23,616 - aqt.updater - INFO - updater 140364377398144 Patching /home/runner/work/FreeCAD/Qt/6.8.3/gcc_64/lib/pkgconfig/Qt6QuickTemplates2.pc
2025-12-15 01:13:23,617 - aqt.updater - INFO - updater 140364377398144 Patching /home/runner/work/FreeCAD/Qt/6.8.3/gcc_64/lib/pkgconfig/Qt6UiTools.pc
2025-12-15 01:13:23,617 - aqt.updater - INFO - updater 140364377398144 Patching /home/runner/work/FreeCAD/Qt/6.8.3/gcc_64/lib/pkgconfig/Qt6Gui.pc
2025-12-15 01:13:23,617 - aqt.updater - INFO - updater 140364377398144 Patching /home/runner/work/FreeCAD/Qt/6.8.3/gcc_64/lib/pkgconfig/Qt6QuickControls2FluentWinUI3StyleImpl.pc
2025-12-15 01:13:23,617 - aqt.updater - INFO - updater 140364377398144 Patching /home/runner/work/FreeCAD/Qt/6.8.3/gcc_64/lib/pkgconfig/Qt6Designer.pc
2025-12-15 01:13:23,618 - aqt.updater - INFO - updater 140364377398144 Patching /home/runner/work/FreeCAD/Qt/6.8.3/gcc_64/lib/pkgconfig/Qt6QuickLayouts.pc
2025-12-15 01:13:23,618 - aqt.updater - INFO - updater 140364377398144 Patching /home/runner/work/FreeCAD/Qt/6.8.3/gcc_64/lib/pkgconfig/Qt6QmlIntegration.pc
2025-12-15 01:13:23,618 - aqt.updater - INFO - updater 140364377398144 Patching /home/runner/work/FreeCAD/Qt/6.8.3/gcc_64/lib/pkgconfig/Qt6PrintSupport.pc
2025-12-15 01:13:23,618 - aqt.updater - INFO - updater 140364377398144 Patching /home/runner/work/FreeCAD/Qt/6.8.3/gcc_64/lib/pkgconfig/Qt6LabsAnimation.pc
2025-12-15 01:13:23,619 - aqt.updater - INFO - updater 140364377398144 Patching /home/runner/work/FreeCAD/Qt/6.8.3/gcc_64/lib/pkgconfig/Qt6LabsSettings.pc
2025-12-15 01:13:23,619 - aqt.updater - INFO - updater 140364377398144 Patching /home/runner/work/FreeCAD/Qt/6.8.3/gcc_64/lib/pkgconfig/Qt6QuickControls2Universal.pc
2025-12-15 01:13:23,619 - aqt.updater - INFO - updater 140364377398144 Patching /home/runner/work/FreeCAD/Qt/6.8.3/gcc_64/lib/pkgconfig/Qt6Linguist.pc
2025-12-15 01:13:23,619 - aqt.updater - INFO - updater 140364377398144 Patching /home/runner/work/FreeCAD/Qt/6.8.3/gcc_64/lib/pkgconfig/Qt6QmlNetwork.pc
2025-12-15 01:13:23,619 - aqt.updater - INFO - updater 140364377398144 Patching /home/runner/work/FreeCAD/Qt/6.8.3/gcc_64/lib/pkgconfig/Qt6LabsFolderListModel.pc
2025-12-15 01:13:23,620 - aqt.updater - INFO - updater 140364377398144 Patching /home/runner/work/FreeCAD/Qt/6.8.3/gcc_64/lib/pkgconfig/Qt6QmlAssetDownloader.pc
2025-12-15 01:13:23,620 - aqt.updater - INFO - updater 140364377398144 Patching /home/runner/work/FreeCAD/Qt/6.8.3/gcc_64/lib/pkgconfig/Qt6QmlXmlListModel.pc
2025-12-15 01:13:23,620 - aqt.updater - INFO - updater 140364377398144 Patching /home/runner/work/FreeCAD/Qt/6.8.3/gcc_64/lib/pkgconfig/Qt6Concurrent.pc
2025-12-15 01:13:23,620 - aqt.updater - INFO - updater 140364377398144 Patching /home/runner/work/FreeCAD/Qt/6.8.3/gcc_64/lib/pkgconfig/Qt6OpenGL.pc
2025-12-15 01:13:23,621 - aqt.updater - INFO - updater 140364377398144 Patching /home/runner/work/FreeCAD/Qt/6.8.3/gcc_64/lib/pkgconfig/Qt6LabsQmlModels.pc
2025-12-15 01:13:23,621 - aqt.updater - INFO - updater 140364377398144 Patching /home/runner/work/FreeCAD/Qt/6.8.3/gcc_64/lib/pkgconfig/Qt6QuickVectorImage.pc
2025-12-15 01:13:23,621 - aqt.updater - INFO - updater 140364377398144 Patching /home/runner/work/FreeCAD/Qt/6.8.3/gcc_64/lib/pkgconfig/Qt6QuickControls2Imagine.pc
2025-12-15 01:13:23,621 - aqt.updater - INFO - updater 140364377398144 Patching /home/runner/work/FreeCAD/Qt/6.8.3/gcc_64/lib/pkgconfig/Qt6WaylandClient.pc
2025-12-15 01:13:23,622 - aqt.updater - INFO - updater 140364377398144 Patching /home/runner/work/FreeCAD/Qt/6.8.3/gcc_64/lib/pkgconfig/Qt6Svg.pc
2025-12-15 01:13:23,622 - aqt.updater - INFO - updater 140364377398144 Patching /home/runner/work/FreeCAD/Qt/6.8.3/gcc_64/lib/pkgconfig/Qt6QuickControls2MaterialStyleImpl.pc
2025-12-15 01:13:23,622 - aqt.updater - INFO - updater 140364377398144 Patching /home/runner/work/FreeCAD/Qt/6.8.3/gcc_64/lib/pkgconfig/Qt6QmlMeta.pc
2025-12-15 01:13:23,622 - aqt.updater - INFO - updater 140364377398144 Patching /home/runner/work/FreeCAD/Qt/6.8.3/gcc_64/lib/pkgconfig/Qt6Test.pc
2025-12-15 01:13:23,622 - aqt.updater - INFO - updater 140364377398144 Patching /home/runner/work/FreeCAD/Qt/6.8.3/gcc_64/lib/pkgconfig/Qt6Quick.pc
2025-12-15 01:13:23,623 - aqt.updater - INFO - updater 140364377398144 Patching /home/runner/work/FreeCAD/Qt/6.8.3/gcc_64/lib/pkgconfig/Qt6LabsPlatform.pc
2025-12-15 01:13:23,623 - aqt.updater - INFO - updater 140364377398144 Patching /home/runner/work/FreeCAD/Qt/6.8.3/gcc_64/lib/pkgconfig/Qt6QmlLocalStorage.pc
2025-12-15 01:13:23,623 - aqt.updater - INFO - updater 140364377398144 Patching /home/runner/work/FreeCAD/Qt/6.8.3/gcc_64/lib/pkgconfig/Qt6Widgets.pc
2025-12-15 01:13:23,623 - aqt.updater - INFO - updater 140364377398144 Patching /home/runner/work/FreeCAD/Qt/6.8.3/gcc_64/lib/pkgconfig/Qt6QmlCore.pc
2025-12-15 01:13:23,624 - aqt.updater - INFO - updater 140364377398144 Patching /home/runner/work/FreeCAD/Qt/6.8.3/gcc_64/lib/pkgconfig/Qt6LabsSharedImage.pc
2025-12-15 01:13:23,624 - aqt.updater - INFO - updater 140364377398144 Patching /home/runner/work/FreeCAD/Qt/6.8.3/gcc_64/lib/pkgconfig/Qt6OpenGLWidgets.pc
2025-12-15 01:13:23,624 - aqt.updater - INFO - updater 140364377398144 Patching /home/runner/work/FreeCAD/Qt/6.8.3/gcc_64/lib/pkgconfig/Qt6QuickControls2Impl.pc
2025-12-15 01:13:23,624 - aqt.updater - INFO - updater 140364377398144 Patching /home/runner/work/FreeCAD/Qt/6.8.3/gcc_64/lib/pkgconfig/Qt6QmlCompiler.pc
2025-12-15 01:13:23,625 - aqt.updater - INFO - updater 140364377398144 Patching /home/runner/work/FreeCAD/Qt/6.8.3/gcc_64/lib/pkgconfig/Qt6QuickDialogs2Utils.pc
2025-12-15 01:13:23,625 - aqt.updater - INFO - updater 140364377398144 Patching /home/runner/work/FreeCAD/Qt/6.8.3/gcc_64/lib/pkgconfig/Qt6QuickDialogs2QuickImpl.pc
2025-12-15 01:13:23,625 - aqt.updater - INFO - updater 140364377398144 Patching /home/runner/work/FreeCAD/Qt/6.8.3/gcc_64/lib/pkgconfig/Qt6QuickControls2Basic.pc
2025-12-15 01:13:23,625 - aqt.updater - INFO - updater 140364377398144 Patching /home/runner/work/FreeCAD/Qt/6.8.3/gcc_64/lib/pkgconfig/Qt6QuickControls2FusionStyleImpl.pc
2025-12-15 01:13:23,625 - aqt.updater - INFO - updater 140364377398144 Patching /home/runner/work/FreeCAD/Qt/6.8.3/gcc_64/lib/pkgconfig/Qt6QmlWorkerScript.pc
2025-12-15 01:13:23,626 - aqt.updater - INFO - updater 140364377398144 Patching /home/runner/work/FreeCAD/Qt/6.8.3/gcc_64/lib/pkgconfig/Qt6QuickTest.pc
2025-12-15 01:13:23,626 - aqt.updater - INFO - updater 140364377398144 Patching /home/runner/work/FreeCAD/Qt/6.8.3/gcc_64/lib/pkgconfig/Qt6QuickControls2ImagineStyleImpl.pc
2025-12-15 01:13:23,626 - aqt.updater - INFO - updater 140364377398144 Patching /home/runner/work/FreeCAD/Qt/6.8.3/gcc_64/lib/pkgconfig/Qt6QmlModels.pc
2025-12-15 01:13:23,627 - aqt.updater - INFO - updater 140364377398144 Patching /home/runner/work/FreeCAD/Qt/6.8.3/gcc_64/lib/libQt6Svg.prl
2025-12-15 01:13:23,627 - aqt.updater - INFO - updater 140364377398144 Patching /home/runner/work/FreeCAD/Qt/6.8.3/gcc_64/lib/libQt6OpenGL.prl
2025-12-15 01:13:23,628 - aqt.updater - INFO - updater 140364377398144 Patching /home/runner/work/FreeCAD/Qt/6.8.3/gcc_64/lib/libQt6QmlLocalStorage.prl
2025-12-15 01:13:23,628 - aqt.updater - INFO - updater 140364377398144 Patching /home/runner/work/FreeCAD/Qt/6.8.3/gcc_64/lib/libQt6QuickEffects.prl
2025-12-15 01:13:23,628 - aqt.updater - INFO - updater 140364377398144 Patching /home/runner/work/FreeCAD/Qt/6.8.3/gcc_64/lib/libQt6Gui.prl
2025-12-15 01:13:23,628 - aqt.updater - INFO - updater 140364377398144 Patching /home/runner/work/FreeCAD/Qt/6.8.3/gcc_64/lib/libQt6Network.prl
2025-12-15 01:13:23,629 - aqt.updater - INFO - updater 140364377398144 Patching /home/runner/work/FreeCAD/Qt/6.8.3/gcc_64/lib/libQt6QuickControls2FluentWinUI3StyleImpl.prl
2025-12-15 01:13:23,629 - aqt.updater - INFO - updater 140364377398144 Patching /home/runner/work/FreeCAD/Qt/6.8.3/gcc_64/lib/libQt6WaylandEglClientHwIntegration.prl
2025-12-15 01:13:23,629 - aqt.updater - INFO - updater 140364377398144 Patching /home/runner/work/FreeCAD/Qt/6.8.3/gcc_64/lib/libQt6Quick.prl
2025-12-15 01:13:23,629 - aqt.updater - INFO - updater 140364377398144 Patching /home/runner/work/FreeCAD/Qt/6.8.3/gcc_64/lib/libQt6QuickVectorImage.prl
2025-12-15 01:13:23,629 - aqt.updater - INFO - updater 140364377398144 Patching /home/runner/work/FreeCAD/Qt/6.8.3/gcc_64/lib/libQt6QuickControls2.prl
2025-12-15 01:13:23,630 - aqt.updater - INFO - updater 140364377398144 Patching /home/runner/work/FreeCAD/Qt/6.8.3/gcc_64/lib/libQt6QuickControls2BasicStyleImpl.prl
2025-12-15 01:13:23,630 - aqt.updater - INFO - updater 140364377398144 Patching /home/runner/work/FreeCAD/Qt/6.8.3/gcc_64/lib/libQt6QmlNetwork.prl
2025-12-15 01:13:23,630 - aqt.updater - INFO - updater 140364377398144 Patching /home/runner/work/FreeCAD/Qt/6.8.3/gcc_64/lib/libQt6ExampleIcons.prl
2025-12-15 01:13:23,630 - aqt.updater - INFO - updater 140364377398144 Patching /home/runner/work/FreeCAD/Qt/6.8.3/gcc_64/lib/libQt6WlShellIntegration.prl
2025-12-15 01:13:23,630 - aqt.updater - INFO - updater 140364377398144 Patching /home/runner/work/FreeCAD/Qt/6.8.3/gcc_64/lib/libQt6LabsQmlModels.prl
2025-12-15 01:13:23,631 - aqt.updater - INFO - updater 140364377398144 Patching /home/runner/work/FreeCAD/Qt/6.8.3/gcc_64/lib/libQt6QuickDialogs2.prl
2025-12-15 01:13:23,631 - aqt.updater - INFO - updater 140364377398144 Patching /home/runner/work/FreeCAD/Qt/6.8.3/gcc_64/lib/libQt6QuickVectorImageGenerator.prl
2025-12-15 01:13:23,631 - aqt.updater - INFO - updater 140364377398144 Patching /home/runner/work/FreeCAD/Qt/6.8.3/gcc_64/lib/libQt6DesignerComponents.prl
2025-12-15 01:13:23,631 - aqt.updater - INFO - updater 140364377398144 Patching /home/runner/work/FreeCAD/Qt/6.8.3/gcc_64/lib/libQt6FbSupport.prl
2025-12-15 01:13:23,632 - aqt.updater - INFO - updater 140364377398144 Patching /home/runner/work/FreeCAD/Qt/6.8.3/gcc_64/lib/libQt6SvgWidgets.prl
2025-12-15 01:13:23,632 - aqt.updater - INFO - updater 140364377398144 Patching /home/runner/work/FreeCAD/Qt/6.8.3/gcc_64/lib/libQt6QuickWidgets.prl
2025-12-15 01:13:23,632 - aqt.updater - INFO - updater 140364377398144 Patching /home/runner/work/FreeCAD/Qt/6.8.3/gcc_64/lib/libQt6QmlMeta.prl
2025-12-15 01:13:23,632 - aqt.updater - INFO - updater 140364377398144 Patching /home/runner/work/FreeCAD/Qt/6.8.3/gcc_64/lib/libQt6QmlWorkerScript.prl
2025-12-15 01:13:23,633 - aqt.updater - INFO - updater 140364377398144 Patching /home/runner/work/FreeCAD/Qt/6.8.3/gcc_64/lib/libQt6LabsFolderListModel.prl
2025-12-15 01:13:23,633 - aqt.updater - INFO - updater 140364377398144 Patching /home/runner/work/FreeCAD/Qt/6.8.3/gcc_64/lib/libQt6QuickDialogs2Utils.prl
2025-12-15 01:13:23,633 - aqt.updater - INFO - updater 140364377398144 Patching /home/runner/work/FreeCAD/Qt/6.8.3/gcc_64/lib/libQt6QuickControls2ImagineStyleImpl.prl
2025-12-15 01:13:23,633 - aqt.updater - INFO - updater 140364377398144 Patching /home/runner/work/FreeCAD/Qt/6.8.3/gcc_64/lib/libQt6QmlToolingSettings.prl
2025-12-15 01:13:23,633 - aqt.updater - INFO - updater 140364377398144 Patching /home/runner/work/FreeCAD/Qt/6.8.3/gcc_64/lib/libQt6QmlLS.prl
2025-12-15 01:13:23,634 - aqt.updater - INFO - updater 140364377398144 Patching /home/runner/work/FreeCAD/Qt/6.8.3/gcc_64/lib/libQt6QuickTest.prl
2025-12-15 01:13:23,634 - aqt.updater - INFO - updater 140364377398144 Patching /home/runner/work/FreeCAD/Qt/6.8.3/gcc_64/lib/libQt6QuickControlsTestUtils.prl
2025-12-15 01:13:23,634 - aqt.updater - INFO - updater 140364377398144 Patching /home/runner/work/FreeCAD/Qt/6.8.3/gcc_64/lib/libQt6Concurrent.prl
2025-12-15 01:13:23,634 - aqt.updater - INFO - updater 140364377398144 Patching /home/runner/work/FreeCAD/Qt/6.8.3/gcc_64/lib/libQt6KmsSupport.prl
2025-12-15 01:13:23,635 - aqt.updater - INFO - updater 140364377398144 Patching /home/runner/work/FreeCAD/Qt/6.8.3/gcc_64/lib/libQt6QuickControls2MaterialStyleImpl.prl
2025-12-15 01:13:23,635 - aqt.updater - INFO - updater 140364377398144 Patching /home/runner/work/FreeCAD/Qt/6.8.3/gcc_64/lib/libQt6Help.prl
2025-12-15 01:13:23,635 - aqt.updater - INFO - updater 140364377398144 Patching /home/runner/work/FreeCAD/Qt/6.8.3/gcc_64/lib/libQt6Xml.prl
2025-12-15 01:13:23,635 - aqt.updater - INFO - updater 140364377398144 Patching /home/runner/work/FreeCAD/Qt/6.8.3/gcc_64/lib/libQt6EglFsKmsGbmSupport.prl
2025-12-15 01:13:23,635 - aqt.updater - INFO - updater 140364377398144 Patching /home/runner/work/FreeCAD/Qt/6.8.3/gcc_64/lib/libQt6DBus.prl
2025-12-15 01:13:23,636 - aqt.updater - INFO - updater 140364377398144 Patching /home/runner/work/FreeCAD/Qt/6.8.3/gcc_64/lib/libQt6QuickDialogs2QuickImpl.prl
2025-12-15 01:13:23,636 - aqt.updater - INFO - updater 140364377398144 Patching /home/runner/work/FreeCAD/Qt/6.8.3/gcc_64/lib/libQt6EglFSDeviceIntegration.prl
2025-12-15 01:13:23,636 - aqt.updater - INFO - updater 140364377398144 Patching /home/runner/work/FreeCAD/Qt/6.8.3/gcc_64/lib/libQt6InputSupport.prl
2025-12-15 01:13:23,636 - aqt.updater - INFO - updater 140364377398144 Patching /home/runner/work/FreeCAD/Qt/6.8.3/gcc_64/lib/libQt6Widgets.prl
2025-12-15 01:13:23,637 - aqt.updater - INFO - updater 140364377398144 Patching /home/runner/work/FreeCAD/Qt/6.8.3/gcc_64/lib/libQt6Sql.prl
2025-12-15 01:13:23,637 - aqt.updater - INFO - updater 140364377398144 Patching /home/runner/work/FreeCAD/Qt/6.8.3/gcc_64/lib/libQt6QuickTestUtils.prl
2025-12-15 01:13:23,637 - aqt.updater - INFO - updater 140364377398144 Patching /home/runner/work/FreeCAD/Qt/6.8.3/gcc_64/lib/libQt6QmlModels.prl
2025-12-15 01:13:23,637 - aqt.updater - INFO - updater 140364377398144 Patching /home/runner/work/FreeCAD/Qt/6.8.3/gcc_64/lib/libQt6QuickControls2Basic.prl
2025-12-15 01:13:23,638 - aqt.updater - INFO - updater 140364377398144 Patching /home/runner/work/FreeCAD/Qt/6.8.3/gcc_64/lib/libQt6QuickTemplates2.prl
2025-12-15 01:13:23,638 - aqt.updater - INFO - updater 140364377398144 Patching /home/runner/work/FreeCAD/Qt/6.8.3/gcc_64/lib/libQt6UiTools.prl
2025-12-15 01:13:23,638 - aqt.updater - INFO - updater 140364377398144 Patching /home/runner/work/FreeCAD/Qt/6.8.3/gcc_64/lib/libQt6QmlDebug.prl
2025-12-15 01:13:23,638 - aqt.updater - INFO - updater 140364377398144 Patching /home/runner/work/FreeCAD/Qt/6.8.3/gcc_64/lib/libQt6QuickControls2Imagine.prl
2025-12-15 01:13:23,639 - aqt.updater - INFO - updater 140364377398144 Patching /home/runner/work/FreeCAD/Qt/6.8.3/gcc_64/lib/libQt6WaylandClient.prl
2025-12-15 01:13:23,639 - aqt.updater - INFO - updater 140364377398144 Patching /home/runner/work/FreeCAD/Qt/6.8.3/gcc_64/lib/libQt6PacketProtocol.prl
2025-12-15 01:13:23,639 - aqt.updater - INFO - updater 140364377398144 Patching /home/runner/work/FreeCAD/Qt/6.8.3/gcc_64/lib/libQt6OpenGLWidgets.prl
2025-12-15 01:13:23,639 - aqt.updater - INFO - updater 140364377398144 Patching /home/runner/work/FreeCAD/Qt/6.8.3/gcc_64/lib/libQt6LabsPlatform.prl
2025-12-15 01:13:23,639 - aqt.updater - INFO - updater 140364377398144 Patching /home/runner/work/FreeCAD/Qt/6.8.3/gcc_64/lib/libQt6Core.prl
2025-12-15 01:13:23,640 - aqt.updater - INFO - updater 140364377398144 Patching /home/runner/work/FreeCAD/Qt/6.8.3/gcc_64/lib/libQt6QuickControls2FusionStyleImpl.prl
2025-12-15 01:13:23,640 - aqt.updater - INFO - updater 140364377398144 Patching /home/runner/work/FreeCAD/Qt/6.8.3/gcc_64/lib/libQt6LabsSettings.prl
2025-12-15 01:13:23,640 - aqt.updater - INFO - updater 140364377398144 Patching /home/runner/work/FreeCAD/Qt/6.8.3/gcc_64/lib/libQt6QmlDom.prl
2025-12-15 01:13:23,640 - aqt.updater - INFO - updater 140364377398144 Patching /home/runner/work/FreeCAD/Qt/6.8.3/gcc_64/lib/libQt6Qml.prl
2025-12-15 01:13:23,641 - aqt.updater - INFO - updater 140364377398144 Patching /home/runner/work/FreeCAD/Qt/6.8.3/gcc_64/lib/libQt6QuickControls2UniversalStyleImpl.prl
2025-12-15 01:13:23,641 - aqt.updater - INFO - updater 140364377398144 Patching /home/runner/work/FreeCAD/Qt/6.8.3/gcc_64/lib/libQt6QuickLayouts.prl
2025-12-15 01:13:23,641 - aqt.updater - INFO - updater 140364377398144 Patching /home/runner/work/FreeCAD/Qt/6.8.3/gcc_64/lib/libQt6QuickControls2Impl.prl
2025-12-15 01:13:23,641 - aqt.updater - INFO - updater 140364377398144 Patching /home/runner/work/FreeCAD/Qt/6.8.3/gcc_64/lib/libQt6XcbQpa.prl
2025-12-15 01:13:23,641 - aqt.updater - INFO - updater 140364377398144 Patching /home/runner/work/FreeCAD/Qt/6.8.3/gcc_64/lib/libQt6QuickShapes.prl
2025-12-15 01:13:23,642 - aqt.updater - INFO - updater 140364377398144 Patching /home/runner/work/FreeCAD/Qt/6.8.3/gcc_64/lib/libQt6DeviceDiscoverySupport.prl
2025-12-15 01:13:23,642 - aqt.updater - INFO - updater 140364377398144 Patching /home/runner/work/FreeCAD/Qt/6.8.3/gcc_64/lib/libQt6QmlCompiler.prl
2025-12-15 01:13:23,642 - aqt.updater - INFO - updater 140364377398144 Patching /home/runner/work/FreeCAD/Qt/6.8.3/gcc_64/lib/libQt6QuickParticles.prl
2025-12-15 01:13:23,642 - aqt.updater - INFO - updater 140364377398144 Patching /home/runner/work/FreeCAD/Qt/6.8.3/gcc_64/lib/libQt6QuickControls2Universal.prl
2025-12-15 01:13:23,643 - aqt.updater - INFO - updater 140364377398144 Patching /home/runner/work/FreeCAD/Qt/6.8.3/gcc_64/lib/libQt6LabsWavefrontMesh.prl
2025-12-15 01:13:23,643 - aqt.updater - INFO - updater 140364377398144 Patching /home/runner/work/FreeCAD/Qt/6.8.3/gcc_64/lib/libQt6QmlXmlListModel.prl
2025-12-15 01:13:23,643 - aqt.updater - INFO - updater 140364377398144 Patching /home/runner/work/FreeCAD/Qt/6.8.3/gcc_64/lib/libQt6EglFsKmsSupport.prl
2025-12-15 01:13:23,643 - aqt.updater - INFO - updater 140364377398144 Patching /home/runner/work/FreeCAD/Qt/6.8.3/gcc_64/lib/libQt6LabsSharedImage.prl
2025-12-15 01:13:23,643 - aqt.updater - INFO - updater 140364377398144 Patching /home/runner/work/FreeCAD/Qt/6.8.3/gcc_64/lib/libQt6PrintSupport.prl
2025-12-15 01:13:23,644 - aqt.updater - INFO - updater 140364377398144 Patching /home/runner/work/FreeCAD/Qt/6.8.3/gcc_64/lib/libQt6QuickControls2Fusion.prl
2025-12-15 01:13:23,644 - aqt.updater - INFO - updater 140364377398144 Patching /home/runner/work/FreeCAD/Qt/6.8.3/gcc_64/lib/libQt6Designer.prl
2025-12-15 01:13:23,644 - aqt.updater - INFO - updater 140364377398144 Patching /home/runner/work/FreeCAD/Qt/6.8.3/gcc_64/lib/libQt6ExamplesAssetDownloader.prl
2025-12-15 01:13:23,644 - aqt.updater - INFO - updater 140364377398144 Patching /home/runner/work/FreeCAD/Qt/6.8.3/gcc_64/lib/libQt6QmlTypeRegistrar.prl
2025-12-15 01:13:23,645 - aqt.updater - INFO - updater 140364377398144 Patching /home/runner/work/FreeCAD/Qt/6.8.3/gcc_64/lib/libQt6LabsAnimation.prl
2025-12-15 01:13:23,645 - aqt.updater - INFO - updater 140364377398144 Patching /home/runner/work/FreeCAD/Qt/6.8.3/gcc_64/lib/libQt6QuickControls2Material.prl
2025-12-15 01:13:23,645 - aqt.updater - INFO - updater 140364377398144 Patching /home/runner/work/FreeCAD/Qt/6.8.3/gcc_64/lib/libQt6QmlCore.prl
2025-12-15 01:13:23,645 - aqt.updater - INFO - updater 140364377398144 Patching /home/runner/work/FreeCAD/Qt/6.8.3/gcc_64/lib/libQt6QmlAssetDownloader.prl
2025-12-15 01:13:23,645 - aqt.updater - INFO - updater 140364377398144 Patching /home/runner/work/FreeCAD/Qt/6.8.3/gcc_64/lib/libQt6Test.prl
2025-12-15 01:13:23,646 - aqt.main - INFO - installer 140364377398144 Finished installation
2025-12-15 01:13:23,646 - aqt.main - INFO - installer 140364377398144 Time elapsed: 18.95670940 second
